// Jest Snapshot v1, https://goo.gl/fbAQLP

exports[`TowerDisk snapshot matches snapshot 1`] = `
<Fragment
  key="1"
>
  <DragPreviewImage
    src="data:image/gif;base64,R0lGODlhAQABAAAAACH5BAEKAAEALAAAAAABAAEAAAICTAEAOw=="
  />
  <div
    className="disk"
  >
    <img
      alt="alt-text"
      className="disk-image"
      src=""
    />
  </div>
</Fragment>
`;
