// Jest Snapshot v1, https://goo.gl/fbAQLP

exports[`Tower snapshot matches snapshot 1`] = `
<div
  className="tower"
>
  <div
    className="settings-wrapper"
  >
    <div
      className="settings"
    >
      <div
        className="settings-inner"
      >
        <div
          className="left-text"
        >
          <span
            className="disks-text"
          >
            <span
              className="disks-portion"
              id="disks-label"
            >
              disks: 
            </span>
            <span
              aria-labelledby="disks-label"
              className="disks-portion"
              id="disks-radiogroup"
              role="radiogroup"
            >
              <input
                aria-checked={false}
                checked={false}
                id="two-disks"
                name="disks"
                onChange={[Function]}
                type="radio"
                value="2"
              />
              <label
                className="disks-portion number"
                data-value="2"
                htmlFor="two-disks"
                id="two-disks-label"
                onKeyUp={[Function]}
                tabIndex="-1"
              >
                2
              </label>
              <input
                aria-checked={true}
                checked={true}
                id="three-disks"
                name="disks"
                onChange={[Function]}
                type="radio"
                value="3"
              />
              <label
                className="disks-portion number"
                data-value="3"
                htmlFor="three-disks"
                id="three-disks-label"
                onKeyUp={[Function]}
                tabIndex="0"
              >
                3
              </label>
              <input
                aria-checked={false}
                checked={false}
                id="four-disks"
                name="disks"
                onChange={[Function]}
                type="radio"
                value="4"
              />
              <label
                className="disks-portion number"
                data-value="4"
                htmlFor="four-disks"
                id="four-disks-label"
                onKeyUp={[Function]}
                tabIndex="-1"
              >
                4
              </label>
              <input
                aria-checked={false}
                checked={false}
                id="five-disks"
                name="disks"
                onChange={[Function]}
                type="radio"
                value="5"
              />
              <label
                className="disks-portion number"
                data-value="5"
                htmlFor="five-disks"
                id="five-disks-label"
                onKeyUp={[Function]}
                tabIndex="-1"
              >
                5
              </label>
            </span>
          </span>
        </div>
        <div
          className="right-text"
        >
          <span
            className="moves-text"
          >
            <span
              className="moves-portion"
            >
              moves: 
            </span>
            <span
              className="moves-portion number"
            >
              00
            </span>
          </span>
          <span
            className="time-text"
          >
            <span
              className="time-portion"
            >
              time: 
            </span>
            <span
              className="time-portion number"
            >
              00
            </span>
            <span
              className="time-portion"
            >
               : 
            </span>
            <span
              className="time-portion number"
            >
              00
            </span>
            <span
              className="time-portion"
            >
               : 
            </span>
            <span
              className="time-portion number"
            >
              00
            </span>
          </span>
        </div>
      </div>
    </div>
  </div>
  <div
    className="locations-wrapper"
  >
    <div
      className="locations-container"
    >
      <div
        className="location-wrapper"
      >
        <TowerLocation
          diskids={[]}
          disks={3}
          isComplete={false}
          isPortrait={false}
          location="origin"
          moveDisk={[Function]}
          tower={
            {
              "clickHandler": [Function],
              "landscape": [
                {
                  "diskid": "1",
                  "image": <img
                    alt="NASA/JPL Juno PIA22938, disk 1 of 3"
                    className="disk-image"
                    src="image-mock"
                    title="NASA/JPL Juno PIA22938, disk 1 of 3"
                  />,
                },
                {
                  "diskid": "2",
                  "image": <img
                    alt="NASA/JPL Juno PIA22938, disk 2 of 3"
                    className="disk-image"
                    src="image-mock"
                    title="NASA/JPL Juno PIA22938, disk 2 of 3"
                  />,
                },
                {
                  "diskid": "3",
                  "image": <img
                    alt="NASA/JPL Juno PIA22938, disk 3 of 3"
                    className="disk-image"
                    src="image-mock"
                    title="NASA/JPL Juno PIA22938, disk 3 of 3"
                  />,
                },
              ],
              "link": "https://www.jpl.nasa.gov/spaceimages/details.php?id=PIA22938",
              "portrait": [
                {
                  "diskid": "1",
                  "image": <img
                    alt="NASA/JPL Juno PIA22938, disk 1 of 3"
                    className="disk-image"
                    src="image-mock"
                    title="NASA/JPL Juno PIA22938, disk 1 of 3"
                  />,
                },
                {
                  "diskid": "2",
                  "image": <img
                    alt="NASA/JPL Juno PIA22938, disk 2 of 3"
                    className="disk-image"
                    src="image-mock"
                    title="NASA/JPL Juno PIA22938, disk 2 of 3"
                  />,
                },
                {
                  "diskid": "3",
                  "image": <img
                    alt="NASA/JPL Juno PIA22938, disk 3 of 3"
                    className="disk-image"
                    src="image-mock"
                    title="NASA/JPL Juno PIA22938, disk 3 of 3"
                  />,
                },
              ],
            }
          }
        />
      </div>
      <div
        className="location-wrapper"
      >
        <TowerLocation
          diskids={[]}
          disks={3}
          isComplete={false}
          isPortrait={false}
          location="buffer"
          moveDisk={[Function]}
          tower={
            {
              "clickHandler": [Function],
              "landscape": [
                {
                  "diskid": "1",
                  "image": <img
                    alt="NASA/JPL Juno PIA22938, disk 1 of 3"
                    className="disk-image"
                    src="image-mock"
                    title="NASA/JPL Juno PIA22938, disk 1 of 3"
                  />,
                },
                {
                  "diskid": "2",
                  "image": <img
                    alt="NASA/JPL Juno PIA22938, disk 2 of 3"
                    className="disk-image"
                    src="image-mock"
                    title="NASA/JPL Juno PIA22938, disk 2 of 3"
                  />,
                },
                {
                  "diskid": "3",
                  "image": <img
                    alt="NASA/JPL Juno PIA22938, disk 3 of 3"
                    className="disk-image"
                    src="image-mock"
                    title="NASA/JPL Juno PIA22938, disk 3 of 3"
                  />,
                },
              ],
              "link": "https://www.jpl.nasa.gov/spaceimages/details.php?id=PIA22938",
              "portrait": [
                {
                  "diskid": "1",
                  "image": <img
                    alt="NASA/JPL Juno PIA22938, disk 1 of 3"
                    className="disk-image"
                    src="image-mock"
                    title="NASA/JPL Juno PIA22938, disk 1 of 3"
                  />,
                },
                {
                  "diskid": "2",
                  "image": <img
                    alt="NASA/JPL Juno PIA22938, disk 2 of 3"
                    className="disk-image"
                    src="image-mock"
                    title="NASA/JPL Juno PIA22938, disk 2 of 3"
                  />,
                },
                {
                  "diskid": "3",
                  "image": <img
                    alt="NASA/JPL Juno PIA22938, disk 3 of 3"
                    className="disk-image"
                    src="image-mock"
                    title="NASA/JPL Juno PIA22938, disk 3 of 3"
                  />,
                },
              ],
            }
          }
        />
      </div>
      <div
        className="location-wrapper"
      >
        <TowerLocation
          diskids={[]}
          disks={3}
          isComplete={false}
          isPortrait={false}
          location="target"
          moveDisk={[Function]}
          tower={
            {
              "clickHandler": [Function],
              "landscape": [
                {
                  "diskid": "1",
                  "image": <img
                    alt="NASA/JPL Juno PIA22938, disk 1 of 3"
                    className="disk-image"
                    src="image-mock"
                    title="NASA/JPL Juno PIA22938, disk 1 of 3"
                  />,
                },
                {
                  "diskid": "2",
                  "image": <img
                    alt="NASA/JPL Juno PIA22938, disk 2 of 3"
                    className="disk-image"
                    src="image-mock"
                    title="NASA/JPL Juno PIA22938, disk 2 of 3"
                  />,
                },
                {
                  "diskid": "3",
                  "image": <img
                    alt="NASA/JPL Juno PIA22938, disk 3 of 3"
                    className="disk-image"
                    src="image-mock"
                    title="NASA/JPL Juno PIA22938, disk 3 of 3"
                  />,
                },
              ],
              "link": "https://www.jpl.nasa.gov/spaceimages/details.php?id=PIA22938",
              "portrait": [
                {
                  "diskid": "1",
                  "image": <img
                    alt="NASA/JPL Juno PIA22938, disk 1 of 3"
                    className="disk-image"
                    src="image-mock"
                    title="NASA/JPL Juno PIA22938, disk 1 of 3"
                  />,
                },
                {
                  "diskid": "2",
                  "image": <img
                    alt="NASA/JPL Juno PIA22938, disk 2 of 3"
                    className="disk-image"
                    src="image-mock"
                    title="NASA/JPL Juno PIA22938, disk 2 of 3"
                  />,
                },
                {
                  "diskid": "3",
                  "image": <img
                    alt="NASA/JPL Juno PIA22938, disk 3 of 3"
                    className="disk-image"
                    src="image-mock"
                    title="NASA/JPL Juno PIA22938, disk 3 of 3"
                  />,
                },
              ],
            }
          }
        />
      </div>
    </div>
  </div>
</div>
`;
