// Jest Snapshot v1, https://goo.gl/fbAQLP

exports[`Tower snapshot matches snapshot 1`] = `
<DocumentFragment>
  <div
    class="tower"
  >
    <div
      class="settings-wrapper"
    >
      <div
        class="settings"
      >
        <div
          class="settings-inner"
        >
          <div
            class="left-text"
          >
            <span
              class="disks-text"
            >
              <span
                class="disks-portion"
                id="disks-label"
              >
                disks: 
              </span>
              <span
                aria-labelledby="disks-label"
                class="disks-portion"
                id="disks-radiogroup"
                role="radiogroup"
              >
                <input
                  aria-checked="false"
                  id="two-disks"
                  name="disks"
                  type="radio"
                  value="2"
                />
                <label
                  class="disks-portion number"
                  data-value="2"
                  for="two-disks"
                  id="two-disks-label"
                  tabindex="-1"
                >
                  2
                </label>
                <input
                  aria-checked="true"
                  checked=""
                  id="three-disks"
                  name="disks"
                  type="radio"
                  value="3"
                />
                <label
                  class="disks-portion number"
                  data-value="3"
                  for="three-disks"
                  id="three-disks-label"
                  tabindex="0"
                >
                  3
                </label>
                <input
                  aria-checked="false"
                  id="four-disks"
                  name="disks"
                  type="radio"
                  value="4"
                />
                <label
                  class="disks-portion number"
                  data-value="4"
                  for="four-disks"
                  id="four-disks-label"
                  tabindex="-1"
                >
                  4
                </label>
                <input
                  aria-checked="false"
                  id="five-disks"
                  name="disks"
                  type="radio"
                  value="5"
                />
                <label
                  class="disks-portion number"
                  data-value="5"
                  for="five-disks"
                  id="five-disks-label"
                  tabindex="-1"
                >
                  5
                </label>
              </span>
            </span>
          </div>
          <div
            class="right-text"
          >
            <span
              class="moves-text"
            >
              <span
                class="moves-portion"
              >
                moves: 
              </span>
              <span
                class="moves-portion number"
              >
                00
              </span>
            </span>
            <span
              class="time-text"
            >
              <span
                class="time-portion"
              >
                time: 
              </span>
              <span
                class="time-portion number"
              >
                00
              </span>
              <span
                class="time-portion"
              >
                 : 
              </span>
              <span
                class="time-portion number"
              >
                00
              </span>
              <span
                class="time-portion"
              >
                 : 
              </span>
              <span
                class="time-portion number"
              >
                00
              </span>
            </span>
          </div>
        </div>
      </div>
    </div>
    <div
      class="locations-wrapper"
    >
      <div
        class="locations-container"
      >
        <div
          class="location-wrapper"
        >
          <div
            class="location"
          />
        </div>
        <div
          class="location-wrapper"
        >
          <div
            class="location"
          />
        </div>
        <div
          class="location-wrapper"
        >
          <div
            class="location"
          />
        </div>
      </div>
    </div>
  </div>
</DocumentFragment>
`;
