// Jest Snapshot v1, https://goo.gl/fbAQLP

exports[`OffsetListener snapshot matches snapshot with elementRef.current 1`] = `
<DocumentFragment>
  <div
    class="component-use-offset-listener-mock"
  >
    <div
      class="height"
      data-testid="height-div-elem"
    >
      25
    </div>
    <div
      class="width"
      data-testid="width-div-elem"
    >
      100
    </div>
  </div>
</DocumentFragment>
`;

exports[`OffsetListener snapshot matches snapshot without elementRef.current 1`] = `
<DocumentFragment>
  <div
    class="component-use-offset-listener-mock"
  >
    <div
      class="height"
      data-testid="height-div-elem"
    >
      0
    </div>
    <div
      class="width"
      data-testid="width-div-elem"
    >
      0
    </div>
  </div>
</DocumentFragment>
`;
