// Jest Snapshot v1, https://goo.gl/fbAQLP

exports[`OffsetListener snapshot matches snapshot with elementRef.current 1`] = `
<div
  className="component-use-offset-listener-mock"
>
  <div
    className="height"
  >
    25
  </div>
  <div
    className="width"
  >
    100
  </div>
</div>
`;

exports[`OffsetListener snapshot matches snapshot without elementRef.current 1`] = `
<div
  className="component-use-offset-listener-mock"
>
  <div
    className="height"
  >
    0
  </div>
  <div
    className="width"
  >
    0
  </div>
</div>
`;
