// Jest Snapshot v1, https://goo.gl/fbAQLP

exports[`TimeRunner snapshot matches snapshot with time run to 02:36:19 1`] = `
<DocumentFragment>
  <div
    class="component-use-time-runner-mock"
  >
    <div
      class="minutes"
      role="timer"
    >
      02
    </div>
    <div
      class="seconds"
      role="timer"
    >
      36
    </div>
    <div
      class="centiseconds"
      role="timer"
    >
      19
    </div>
  </div>
</DocumentFragment>
`;

exports[`TimeRunner snapshot matches snapshot without time runing 1`] = `
<DocumentFragment>
  <div
    class="component-use-time-runner-mock"
  >
    <div
      class="minutes"
      role="timer"
    >
      00
    </div>
    <div
      class="seconds"
      role="timer"
    >
      00
    </div>
    <div
      class="centiseconds"
      role="timer"
    >
      00
    </div>
  </div>
</DocumentFragment>
`;
