// Jest Snapshot v1, https://goo.gl/fbAQLP

exports[`Concentration snapshot matches snapshot 1`] = `
<DocumentFragment>
  <div
    class="concentration"
  >
    <div
      class="matches-wrapper"
    >
      <div
        class="matches"
      >
        <div
          class="matches-header"
        >
          <div
            class="left-text"
          >
            <span
              class="matches-text"
            >
              <span
                class="matches-portion"
              >
                matches: 
              </span>
              <span
                class="matches-portion number"
              >
                00
              </span>
            </span>
            <span
              class="turns-text"
            >
              <span
                class="turns-portion"
              >
                turns: 
              </span>
              <span
                class="turns-portion number"
              >
                00
              </span>
            </span>
          </div>
          <div
            class="right-text"
          >
            <span
              class="time-text"
            >
              <span
                class="time-portion"
              >
                time: 
              </span>
              <span
                class="time-portion number"
                role="timer"
              >
                00
              </span>
              <span
                class="time-portion"
              >
                 : 
              </span>
              <span
                class="time-portion number"
                role="timer"
              >
                00
              </span>
              <span
                class="time-portion"
              >
                 : 
              </span>
              <span
                class="time-portion number"
                role="timer"
              >
                00
              </span>
            </span>
          </div>
        </div>
        <div
          class="matches-pictures"
        />
      </div>
    </div>
    <div
      class="board-wrapper"
    >
      <div
        class="board"
      >
        <div
          class="board-row-wrapper"
        >
          <div
            class="board-row"
          />
        </div>
        <div
          class="board-row-wrapper"
        >
          <div
            class="board-row"
          />
        </div>
        <div
          class="board-row-wrapper"
        >
          <div
            class="board-row"
          />
        </div>
        <div
          class="board-row-wrapper"
        >
          <div
            class="board-row"
          />
        </div>
      </div>
    </div>
  </div>
</DocumentFragment>
`;
