// Jest Snapshot v1, https://goo.gl/fbAQLP

exports[`ConcentrationBoard snapshot matches snapshot when isPortrait 1`] = `
<div
  className="board"
>
  <div
    className="board-row-wrapper"
  >
    <div
      className="board-row"
    >
      <img
        alt=""
        src=""
      />
      <img
        alt=""
        src=""
      />
      <img
        alt=""
        src=""
      />
      <img
        alt=""
        src=""
      />
    </div>
  </div>
  <div
    className="board-row-wrapper"
  >
    <div
      className="board-row"
    >
      <img
        alt=""
        src=""
      />
      <img
        alt=""
        src=""
      />
      <img
        alt=""
        src=""
      />
      <img
        alt=""
        src=""
      />
    </div>
  </div>
  <div
    className="board-row-wrapper"
  >
    <div
      className="board-row"
    >
      <img
        alt=""
        src=""
      />
      <img
        alt=""
        src=""
      />
      <img
        alt=""
        src=""
      />
      <img
        alt=""
        src=""
      />
    </div>
  </div>
  <div
    className="board-row-wrapper"
  >
    <div
      className="board-row"
    >
      <img
        alt=""
        src=""
      />
      <img
        alt=""
        src=""
      />
      <img
        alt=""
        src=""
      />
      <img
        alt=""
        src=""
      />
    </div>
  </div>
  <div
    className="board-row-wrapper"
  >
    <div
      className="board-row"
    >
      <img
        alt=""
        src=""
      />
      <img
        alt=""
        src=""
      />
      <img
        alt=""
        src=""
      />
      <img
        alt=""
        src=""
      />
    </div>
  </div>
  <div
    className="board-row-wrapper"
  >
    <div
      className="board-row"
    >
      <img
        alt=""
        src=""
      />
      <img
        alt=""
        src=""
      />
      <img
        alt=""
        src=""
      />
      <img
        alt=""
        src=""
      />
    </div>
  </div>
</div>
`;

exports[`ConcentrationBoard snapshot matches snapshot when not isPortrait 1`] = `
<div
  className="board"
>
  <div
    className="board-row-wrapper"
  >
    <div
      className="board-row"
    >
      <img
        alt=""
        src=""
      />
      <img
        alt=""
        src=""
      />
      <img
        alt=""
        src=""
      />
      <img
        alt=""
        src=""
      />
      <img
        alt=""
        src=""
      />
      <img
        alt=""
        src=""
      />
    </div>
  </div>
  <div
    className="board-row-wrapper"
  >
    <div
      className="board-row"
    >
      <img
        alt=""
        src=""
      />
      <img
        alt=""
        src=""
      />
      <img
        alt=""
        src=""
      />
      <img
        alt=""
        src=""
      />
      <img
        alt=""
        src=""
      />
      <img
        alt=""
        src=""
      />
    </div>
  </div>
  <div
    className="board-row-wrapper"
  >
    <div
      className="board-row"
    >
      <img
        alt=""
        src=""
      />
      <img
        alt=""
        src=""
      />
      <img
        alt=""
        src=""
      />
      <img
        alt=""
        src=""
      />
      <img
        alt=""
        src=""
      />
      <img
        alt=""
        src=""
      />
    </div>
  </div>
  <div
    className="board-row-wrapper"
  >
    <div
      className="board-row"
    >
      <img
        alt=""
        src=""
      />
      <img
        alt=""
        src=""
      />
      <img
        alt=""
        src=""
      />
      <img
        alt=""
        src=""
      />
      <img
        alt=""
        src=""
      />
      <img
        alt=""
        src=""
      />
    </div>
  </div>
</div>
`;
