// Jest Snapshot v1, https://goo.gl/fbAQLP

exports[`Concentration snapshot matches snapshot 1`] = `
<div
  className="concentration"
>
  <div
    className="matches-wrapper"
  >
    <div
      className="matches"
    >
      <div
        className="matches-header"
      >
        <div
          className="left-text"
        >
          <span
            className="matches-text"
          >
            <span
              className="matches-portion"
            >
              matches: 
            </span>
            <span
              className="matches-portion number"
            >
              00
            </span>
          </span>
          <span
            className="turns-text"
          >
            <span
              className="turns-portion"
            >
              turns: 
            </span>
            <span
              className="turns-portion number"
            >
              00
            </span>
          </span>
        </div>
        <div
          className="right-text"
        >
          <span
            className="time-text"
          >
            <span
              className="time-portion"
            >
              time: 
            </span>
            <span
              className="time-portion number"
            >
              00
            </span>
            <span
              className="time-portion"
            >
               : 
            </span>
            <span
              className="time-portion number"
            >
              00
            </span>
            <span
              className="time-portion"
            >
               : 
            </span>
            <span
              className="time-portion number"
            >
              00
            </span>
          </span>
        </div>
      </div>
      <div
        className="matches-pictures"
      />
    </div>
  </div>
  <div
    className="board-wrapper"
  >
    <div
      className="board"
    >
      <div
        className="board-row-wrapper"
      >
        <div
          className="board-row"
        >
          <img
            alt="NASA/JPL Mars Exploration Rover PIA20285"
            className="picture picture-back"
            data-id="0-a"
            data-pictureid="0"
            onClick={[Function]}
            onKeyUp={[Function]}
            role="button"
            src="image-mock"
            tabIndex="0"
          />
          <img
            alt="NASA/JPL Mars Exploration Rover PIA20285"
            className="picture picture-back"
            data-id="0-b"
            data-pictureid="0"
            onClick={[Function]}
            onKeyUp={[Function]}
            role="button"
            src="image-mock"
            tabIndex="0"
          />
          <img
            alt="NASA/JPL Mars Exploration Rover PIA20285"
            className="picture picture-back"
            data-id="1-a"
            data-pictureid="1"
            onClick={[Function]}
            onKeyUp={[Function]}
            role="button"
            src="image-mock"
            tabIndex="0"
          />
          <img
            alt="NASA/JPL Mars Exploration Rover PIA20285"
            className="picture picture-back"
            data-id="1-b"
            data-pictureid="1"
            onClick={[Function]}
            onKeyUp={[Function]}
            role="button"
            src="image-mock"
            tabIndex="0"
          />
          <img
            alt="NASA/JPL Mars Exploration Rover PIA20285"
            className="picture picture-back"
            data-id="2-a"
            data-pictureid="2"
            onClick={[Function]}
            onKeyUp={[Function]}
            role="button"
            src="image-mock"
            tabIndex="0"
          />
          <img
            alt="NASA/JPL Mars Exploration Rover PIA20285"
            className="picture picture-back"
            data-id="2-b"
            data-pictureid="2"
            onClick={[Function]}
            onKeyUp={[Function]}
            role="button"
            src="image-mock"
            tabIndex="0"
          />
        </div>
      </div>
      <div
        className="board-row-wrapper"
      >
        <div
          className="board-row"
        >
          <img
            alt="NASA/JPL Mars Exploration Rover PIA20285"
            className="picture picture-back"
            data-id="3-a"
            data-pictureid="3"
            onClick={[Function]}
            onKeyUp={[Function]}
            role="button"
            src="image-mock"
            tabIndex="0"
          />
          <img
            alt="NASA/JPL Mars Exploration Rover PIA20285"
            className="picture picture-back"
            data-id="3-b"
            data-pictureid="3"
            onClick={[Function]}
            onKeyUp={[Function]}
            role="button"
            src="image-mock"
            tabIndex="0"
          />
          <img
            alt="NASA/JPL Mars Exploration Rover PIA20285"
            className="picture picture-back"
            data-id="4-a"
            data-pictureid="4"
            onClick={[Function]}
            onKeyUp={[Function]}
            role="button"
            src="image-mock"
            tabIndex="0"
          />
          <img
            alt="NASA/JPL Mars Exploration Rover PIA20285"
            className="picture picture-back"
            data-id="4-b"
            data-pictureid="4"
            onClick={[Function]}
            onKeyUp={[Function]}
            role="button"
            src="image-mock"
            tabIndex="0"
          />
          <img
            alt="NASA/JPL Mars Exploration Rover PIA20285"
            className="picture picture-back"
            data-id="5-a"
            data-pictureid="5"
            onClick={[Function]}
            onKeyUp={[Function]}
            role="button"
            src="image-mock"
            tabIndex="0"
          />
          <img
            alt="NASA/JPL Mars Exploration Rover PIA20285"
            className="picture picture-back"
            data-id="5-b"
            data-pictureid="5"
            onClick={[Function]}
            onKeyUp={[Function]}
            role="button"
            src="image-mock"
            tabIndex="0"
          />
        </div>
      </div>
      <div
        className="board-row-wrapper"
      >
        <div
          className="board-row"
        >
          <img
            alt="NASA/JPL Mars Exploration Rover PIA20285"
            className="picture picture-back"
            data-id="6-a"
            data-pictureid="6"
            onClick={[Function]}
            onKeyUp={[Function]}
            role="button"
            src="image-mock"
            tabIndex="0"
          />
          <img
            alt="NASA/JPL Mars Exploration Rover PIA20285"
            className="picture picture-back"
            data-id="6-b"
            data-pictureid="6"
            onClick={[Function]}
            onKeyUp={[Function]}
            role="button"
            src="image-mock"
            tabIndex="0"
          />
          <img
            alt="NASA/JPL Mars Exploration Rover PIA20285"
            className="picture picture-back"
            data-id="7-a"
            data-pictureid="7"
            onClick={[Function]}
            onKeyUp={[Function]}
            role="button"
            src="image-mock"
            tabIndex="0"
          />
          <img
            alt="NASA/JPL Mars Exploration Rover PIA20285"
            className="picture picture-back"
            data-id="7-b"
            data-pictureid="7"
            onClick={[Function]}
            onKeyUp={[Function]}
            role="button"
            src="image-mock"
            tabIndex="0"
          />
          <img
            alt="NASA/JPL Mars Exploration Rover PIA20285"
            className="picture picture-back"
            data-id="8-a"
            data-pictureid="8"
            onClick={[Function]}
            onKeyUp={[Function]}
            role="button"
            src="image-mock"
            tabIndex="0"
          />
          <img
            alt="NASA/JPL Mars Exploration Rover PIA20285"
            className="picture picture-back"
            data-id="8-b"
            data-pictureid="8"
            onClick={[Function]}
            onKeyUp={[Function]}
            role="button"
            src="image-mock"
            tabIndex="0"
          />
        </div>
      </div>
      <div
        className="board-row-wrapper"
      >
        <div
          className="board-row"
        >
          <img
            alt="NASA/JPL Mars Exploration Rover PIA20285"
            className="picture picture-back"
            data-id="9-a"
            data-pictureid="9"
            onClick={[Function]}
            onKeyUp={[Function]}
            role="button"
            src="image-mock"
            tabIndex="0"
          />
          <img
            alt="NASA/JPL Mars Exploration Rover PIA20285"
            className="picture picture-back"
            data-id="9-b"
            data-pictureid="9"
            onClick={[Function]}
            onKeyUp={[Function]}
            role="button"
            src="image-mock"
            tabIndex="0"
          />
          <img
            alt="NASA/JPL Mars Exploration Rover PIA20285"
            className="picture picture-back"
            data-id="10-a"
            data-pictureid="10"
            onClick={[Function]}
            onKeyUp={[Function]}
            role="button"
            src="image-mock"
            tabIndex="0"
          />
          <img
            alt="NASA/JPL Mars Exploration Rover PIA20285"
            className="picture picture-back"
            data-id="10-b"
            data-pictureid="10"
            onClick={[Function]}
            onKeyUp={[Function]}
            role="button"
            src="image-mock"
            tabIndex="0"
          />
          <img
            alt="NASA/JPL Mars Exploration Rover PIA20285"
            className="picture picture-back"
            data-id="11-a"
            data-pictureid="11"
            onClick={[Function]}
            onKeyUp={[Function]}
            role="button"
            src="image-mock"
            tabIndex="0"
          />
          <img
            alt="NASA/JPL Mars Exploration Rover PIA20285"
            className="picture picture-back"
            data-id="11-b"
            data-pictureid="11"
            onClick={[Function]}
            onKeyUp={[Function]}
            role="button"
            src="image-mock"
            tabIndex="0"
          />
        </div>
      </div>
    </div>
  </div>
</div>
`;
