// Jest Snapshot v1, https://goo.gl/fbAQLP

exports[`App snapshot matches snapshot 1`] = `
<div
  className="app"
>
  <Background />
  <Switch>
    <Route
      component={[Function]}
      exact={true}
      path={
        Array [
          "/",
          "/home",
          "/workbook",
          "/workbook/concentration",
        ]
      }
    />
    <Route
      render={[Function]}
    />
  </Switch>
  <Switch>
    <Route
      component={[Function]}
      exact={true}
      path={
        Array [
          "/",
          "/home",
        ]
      }
    />
    <Route
      component={[Function]}
      exact={true}
      path="/workbook"
    />
    <Route
      component={[Function]}
      exact={true}
      path="/workbook/concentration"
    />
    <Route
      component={[Function]}
    />
  </Switch>
  <Footer />
</div>
`;
