// Jest Snapshot v1, https://goo.gl/fbAQLP

exports[`Background snapshot matches snapshot 1`] = `
<DocumentFragment>
  <picture>
    <source
      media="(orientation: portrait)"
      srcset="image-mock"
    />
    <img
      alt="Conifer in Colorado landscape"
      class="background"
      src="image-mock"
    />
  </picture>
</DocumentFragment>
`;
