// Jest Snapshot v1, https://goo.gl/fbAQLP

exports[`Concentration snapshot matches snapshot 1`] = `
<main
  className="workbook workbook-concentration"
>
  <div
    className="concentration"
  >
    <div
      className="concentration-inner"
    >
      <div
        className="matches-wrapper"
      >
        <div
          className="matches"
        >
          <div
            className="matches-header"
          >
            <div
              className="left-text"
            >
              matches: 4
            </div>
            <div
              className="right-text"
            >
              time: 00:00:00
            </div>
          </div>
          <div
            className="matches-pictures"
          >
            <img
              alt="mars"
              className="picture"
              id="first-match"
              src="image-mock"
            />
            <img
              alt="mars"
              className="picture"
              src="image-mock"
            />
            <img
              alt="mars"
              className="picture"
              src="image-mock"
            />
            <img
              alt="mars"
              className="picture"
              src="image-mock"
            />
            <img
              alt="mars"
              className="picture"
              src="image-mock"
            />
            <img
              alt="mars"
              className="picture"
              src="image-mock"
            />
            <img
              alt="mars"
              className="picture"
              src="image-mock"
            />
            <img
              alt="mars"
              className="picture"
              src="image-mock"
            />
            <img
              alt="mars"
              className="picture"
              src="image-mock"
            />
            <img
              alt="mars"
              className="picture"
              src="image-mock"
            />
            <img
              alt="mars"
              className="picture"
              src="image-mock"
            />
            <img
              alt="mars"
              className="picture"
              src="image-mock"
            />
          </div>
        </div>
      </div>
      <div
        className="board-wrapper"
      >
        <div
          className="board"
        >
          <div
            className="board-row-wrapper"
          >
            <div
              className="board-row"
            >
              <img
                alt="mars"
                className="picture"
                src="image-mock"
              />
              <img
                alt="mars"
                className="picture"
                src="image-mock"
              />
              <img
                alt="mars"
                className="picture"
                src="image-mock"
              />
              <img
                alt="mars"
                className="picture"
                src="image-mock"
              />
              <img
                alt="mars"
                className="picture"
                src="image-mock"
              />
              <img
                alt="mars"
                className="picture"
                src="image-mock"
              />
            </div>
          </div>
          <div
            className="board-row-wrapper"
          >
            <div
              className="board-row"
            >
              <img
                alt="mars"
                className="picture"
                src="image-mock"
              />
              <img
                alt="mars"
                className="picture"
                src="image-mock"
              />
              <img
                alt="mars"
                className="picture"
                src="image-mock"
              />
              <img
                alt="mars"
                className="picture"
                src="image-mock"
              />
              <img
                alt="mars"
                className="picture"
                src="image-mock"
              />
              <img
                alt="mars"
                className="picture"
                src="image-mock"
              />
            </div>
          </div>
          <div
            className="board-row-wrapper"
          >
            <div
              className="board-row"
            >
              <img
                alt="mars"
                className="picture"
                src="image-mock"
              />
              <img
                alt="mars"
                className="picture"
                src="image-mock"
              />
              <img
                alt="mars"
                className="picture"
                src="image-mock"
              />
              <img
                alt="mars"
                className="picture"
                src="image-mock"
              />
              <img
                alt="mars"
                className="picture"
                src="image-mock"
              />
              <img
                alt="mars"
                className="picture"
                src="image-mock"
              />
            </div>
          </div>
          <div
            className="board-row-wrapper"
          >
            <div
              className="board-row"
            >
              <img
                alt="mars"
                className="picture"
                src="image-mock"
              />
              <img
                alt="mars"
                className="picture"
                src="image-mock"
              />
              <img
                alt="mars"
                className="picture"
                src="image-mock"
              />
              <img
                alt="mars"
                className="picture"
                src="image-mock"
              />
              <img
                alt="mars"
                className="picture"
                src="image-mock"
              />
              <img
                alt="mars"
                className="picture"
                src="image-mock"
              />
            </div>
          </div>
        </div>
      </div>
    </div>
  </div>
</main>
`;
