// Jest Snapshot v1, https://goo.gl/fbAQLP

exports[`Header snapshot matches snapshot 1`] = `
<DocumentFragment>
  <nav
    class="header"
  >
    <div
      class="left-header"
    >
      <div
        class="icon-container icon-container-home"
      >
        <a
          aria-label="Home"
          class="navlink navlink-home"
          href="/home"
          rel="noreferrer"
          target="_self"
          title="Home"
        >
          <img
            alt="Home icon"
            class="icon icon-home"
            src="image-mock"
          />
        </a>
      </div>
      <div
        class="icon-container icon-container-workbook"
      >
        <a
          aria-label="Workbook"
          class="navlink navlink-workbook"
          href="/workbook"
          rel="noreferrer"
          target="_self"
          title="Workbook"
        >
          <img
            alt="Workbook icon"
            class="icon icon-workbook"
            src="image-mock"
          />
        </a>
      </div>
    </div>
    <div
      class="right-header"
    >
      <div
        class="icon-container icon-container-github"
      >
        <a
          aria-label="GitHub"
          href="https://github.com/npranke"
          rel="noreferrer noopener external"
          target="_blank"
          title="GitHub"
        >
          <img
            alt="GitHub icon"
            class="icon icon-github"
            src="image-mock"
          />
        </a>
      </div>
      <div
        class="icon-container icon-container-linkedin"
      >
        <a
          aria-label="LinkedIn"
          href="https://www.linkedin.com/in/npranke"
          rel="noreferrer noopener external"
          target="_blank"
          title="LinkedIn"
        >
          <img
            alt="LinkedIn icon"
            class="icon icon-linkedin"
            src="image-mock"
          />
        </a>
      </div>
    </div>
  </nav>
</DocumentFragment>
`;
