// Jest Snapshot v1, https://goo.gl/fbAQLP

exports[`PageNotFound snapshot matches snapshot 1`] = `
<DocumentFragment>
  <main
    class="pagenotfound"
  >
    <div
      class="intro"
    >
      Oops! 
      <br />
      Page not found.
    </div>
    <div
      class="button-home"
    >
      <a
        href="/home"
        rel="noreferrer"
        target="_self"
      >
        <img
          alt="Home icon"
          class="icon icon-home"
          src="image-mock"
        />
        <span
          class="text-home"
        >
          Home
        </span>
      </a>
    </div>
  </main>
</DocumentFragment>
`;
