// Jest Snapshot v1, https://goo.gl/fbAQLP

exports[`Welcome snapshot matches snapshot 1`] = `
<DocumentFragment>
  <main
    class="welcome"
  >
    <div
      class="intro"
    >
      Welcome! 
      <br />
      My name is Nicole; I’m a software engineer.
    </div>
    <div
      class="button-workbook"
    >
      <a
        href="/workbook"
        rel="noreferrer"
        target="_self"
      >
        <img
          alt="Workbook icon"
          class="icon icon-workbook"
          src="image-mock"
        />
        <span
          class="text-workbook"
        >
          Workbook
        </span>
      </a>
    </div>
  </main>
</DocumentFragment>
`;
