// Jest Snapshot v1, https://goo.gl/fbAQLP

exports[`Workbook snapshot matches snapshot when isPortrait 1`] = `
<DocumentFragment>
  <main
    class="workbook"
  >
    <table
      class="table-workbook"
      role="grid"
    >
      <tbody
        class="table-body-workbook"
      >
        <tr
          class="table-row-workbook"
        >
          <td
            class="table-cell-workbook"
            id="workbook-worksheet-concentration"
            role="gridcell"
          >
            <a
              href="/workbook/concentration"
              rel="noreferrer"
              target="_self"
            >
              <div
                class="button-worksheet-container"
              >
                <span
                  class="button-worksheet-wrapper"
                >
                  <span
                    class="button-worksheet"
                  >
                    <span
                      class="button-worksheet-inner"
                    >
                      <img
                        alt="Concentration icon"
                        class="icon icon-concentration"
                        src="image-mock"
                      />
                      <span
                        class="text-worksheet"
                      >
                        Concentration
                      </span>
                    </span>
                  </span>
                </span>
              </div>
            </a>
          </td>
        </tr>
        <tr
          class="table-row-workbook"
        >
          <td
            class="table-cell-workbook"
            id="workbook-worksheet-tower"
            role="gridcell"
          >
            <a
              href="/workbook/tower"
              rel="noreferrer"
              target="_self"
            >
              <div
                class="button-worksheet-container"
              >
                <span
                  class="button-worksheet-wrapper"
                >
                  <span
                    class="button-worksheet"
                  >
                    <span
                      class="button-worksheet-inner"
                    >
                      <img
                        alt="Tower icon"
                        class="icon icon-tower"
                        src="image-mock"
                      />
                      <span
                        class="text-worksheet"
                      >
                        Tower
                      </span>
                    </span>
                  </span>
                </span>
              </div>
            </a>
          </td>
        </tr>
        <tr
          class="table-row-workbook"
        >
          <td
            class="table-cell-workbook"
            id="workbook-worksheet"
            role="gridcell"
          >
            <a
              href="/workbook"
              rel="noreferrer"
              target="_self"
            >
              <div
                class="button-worksheet-container"
              >
                <span
                  class="button-worksheet-wrapper"
                >
                  <span
                    class="button-worksheet"
                  >
                    <span
                      class="button-worksheet-inner"
                    >
                      <img
                        alt="Worksheet icon"
                        class="icon icon-worksheet"
                        src="image-mock"
                      />
                      <span
                        class="text-worksheet"
                      >
                        Worksheet
                      </span>
                    </span>
                  </span>
                </span>
              </div>
            </a>
          </td>
        </tr>
      </tbody>
    </table>
  </main>
</DocumentFragment>
`;

exports[`Workbook snapshot matches snapshot when not isPortrait 1`] = `
<DocumentFragment>
  <main
    class="workbook"
  >
    <table
      class="table-workbook"
      role="grid"
    >
      <tbody
        class="table-body-workbook"
      >
        <tr
          class="table-row-workbook"
        >
          <td
            class="table-cell-workbook"
            id="workbook-worksheet-concentration"
            role="gridcell"
          >
            <a
              href="/workbook/concentration"
              rel="noreferrer"
              target="_self"
            >
              <div
                class="button-worksheet-container"
              >
                <span
                  class="button-worksheet-wrapper"
                >
                  <span
                    class="button-worksheet"
                  >
                    <span
                      class="button-worksheet-inner"
                    >
                      <img
                        alt="Concentration icon"
                        class="icon icon-concentration"
                        src="image-mock"
                      />
                      <span
                        class="text-worksheet"
                      >
                        Concentration
                      </span>
                    </span>
                  </span>
                </span>
              </div>
            </a>
          </td>
          <td
            class="table-cell-workbook"
            id="workbook-worksheet-tower"
            role="gridcell"
          >
            <a
              href="/workbook/tower"
              rel="noreferrer"
              target="_self"
            >
              <div
                class="button-worksheet-container"
              >
                <span
                  class="button-worksheet-wrapper"
                >
                  <span
                    class="button-worksheet"
                  >
                    <span
                      class="button-worksheet-inner"
                    >
                      <img
                        alt="Tower icon"
                        class="icon icon-tower"
                        src="image-mock"
                      />
                      <span
                        class="text-worksheet"
                      >
                        Tower
                      </span>
                    </span>
                  </span>
                </span>
              </div>
            </a>
          </td>
          <td
            class="table-cell-workbook"
            id="workbook-worksheet"
            role="gridcell"
          >
            <a
              href="/workbook"
              rel="noreferrer"
              target="_self"
            >
              <div
                class="button-worksheet-container"
              >
                <span
                  class="button-worksheet-wrapper"
                >
                  <span
                    class="button-worksheet"
                  >
                    <span
                      class="button-worksheet-inner"
                    >
                      <img
                        alt="Worksheet icon"
                        class="icon icon-worksheet"
                        src="image-mock"
                      />
                      <span
                        class="text-worksheet"
                      >
                        Worksheet
                      </span>
                    </span>
                  </span>
                </span>
              </div>
            </a>
          </td>
        </tr>
      </tbody>
    </table>
  </main>
</DocumentFragment>
`;
