// Jest Snapshot v1, https://goo.gl/fbAQLP

exports[`Workbook snapshot matches snapshot when isPortrait 1`] = `
<main
  className="workbook"
>
  <table
    className="table-workbook"
    role="grid"
  >
    <tbody
      className="table-body-workbook"
    >
      <tr
        className="table-row-workbook"
      >
        <td
          className="table-cell-workbook"
          id="workbook-worksheet-concentration"
          onKeyUp={[Function]}
          role="gridcell"
        >
          <Link
            innerRef={
              Object {
                "current": null,
              }
            }
            onClick={[Function]}
            rel="noreferrer"
            target="_self"
            to="/workbook/concentration"
          >
            <div
              className="button-worksheet-container"
            >
              <span
                className="button-worksheet-wrapper"
              >
                <span
                  className="button-worksheet"
                >
                  <span
                    className="button-worksheet-inner"
                  >
                    <img
                      alt="Concentration icon"
                      className="icon icon-concentration"
                      src="image-mock"
                    />
                    <span
                      className="text-worksheet"
                    >
                      Concentration
                    </span>
                  </span>
                </span>
              </span>
            </div>
          </Link>
        </td>
      </tr>
      <tr
        className="table-row-workbook"
      >
        <td
          className="table-cell-workbook"
          id="workbook-worksheet-tower"
          onKeyUp={[Function]}
          role="gridcell"
        >
          <Link
            innerRef={
              Object {
                "current": null,
              }
            }
            onClick={[Function]}
            rel="noreferrer"
            target="_self"
            to="/workbook/tower"
          >
            <div
              className="button-worksheet-container"
            >
              <span
                className="button-worksheet-wrapper"
              >
                <span
                  className="button-worksheet"
                >
                  <span
                    className="button-worksheet-inner"
                  >
                    <img
                      alt="Tower icon"
                      className="icon icon-tower"
                      src="image-mock"
                    />
                    <span
                      className="text-worksheet"
                    >
                      Tower
                    </span>
                  </span>
                </span>
              </span>
            </div>
          </Link>
        </td>
      </tr>
      <tr
        className="table-row-workbook"
      >
        <td
          className="table-cell-workbook"
          id="workbook-worksheet"
          onKeyUp={[Function]}
          role="gridcell"
        >
          <Link
            innerRef={
              Object {
                "current": null,
              }
            }
            onClick={[Function]}
            rel="noreferrer"
            target="_self"
            to="/workbook"
          >
            <div
              className="button-worksheet-container"
            >
              <span
                className="button-worksheet-wrapper"
              >
                <span
                  className="button-worksheet"
                >
                  <span
                    className="button-worksheet-inner"
                  >
                    <img
                      alt="Worksheet icon"
                      className="icon icon-worksheet"
                      src="image-mock"
                    />
                    <span
                      className="text-worksheet"
                    >
                      Worksheet
                    </span>
                  </span>
                </span>
              </span>
            </div>
          </Link>
        </td>
      </tr>
    </tbody>
  </table>
</main>
`;

exports[`Workbook snapshot matches snapshot when not isPortrait 1`] = `
<main
  className="workbook"
>
  <table
    className="table-workbook"
    role="grid"
  >
    <tbody
      className="table-body-workbook"
    >
      <tr
        className="table-row-workbook"
      >
        <td
          className="table-cell-workbook"
          id="workbook-worksheet-concentration"
          onKeyUp={[Function]}
          role="gridcell"
        >
          <Link
            innerRef={
              Object {
                "current": null,
              }
            }
            onClick={[Function]}
            rel="noreferrer"
            target="_self"
            to="/workbook/concentration"
          >
            <div
              className="button-worksheet-container"
            >
              <span
                className="button-worksheet-wrapper"
              >
                <span
                  className="button-worksheet"
                >
                  <span
                    className="button-worksheet-inner"
                  >
                    <img
                      alt="Concentration icon"
                      className="icon icon-concentration"
                      src="image-mock"
                    />
                    <span
                      className="text-worksheet"
                    >
                      Concentration
                    </span>
                  </span>
                </span>
              </span>
            </div>
          </Link>
        </td>
        <td
          className="table-cell-workbook"
          id="workbook-worksheet-tower"
          onKeyUp={[Function]}
          role="gridcell"
        >
          <Link
            innerRef={
              Object {
                "current": null,
              }
            }
            onClick={[Function]}
            rel="noreferrer"
            target="_self"
            to="/workbook/tower"
          >
            <div
              className="button-worksheet-container"
            >
              <span
                className="button-worksheet-wrapper"
              >
                <span
                  className="button-worksheet"
                >
                  <span
                    className="button-worksheet-inner"
                  >
                    <img
                      alt="Tower icon"
                      className="icon icon-tower"
                      src="image-mock"
                    />
                    <span
                      className="text-worksheet"
                    >
                      Tower
                    </span>
                  </span>
                </span>
              </span>
            </div>
          </Link>
        </td>
        <td
          className="table-cell-workbook"
          id="workbook-worksheet"
          onKeyUp={[Function]}
          role="gridcell"
        >
          <Link
            innerRef={
              Object {
                "current": null,
              }
            }
            onClick={[Function]}
            rel="noreferrer"
            target="_self"
            to="/workbook"
          >
            <div
              className="button-worksheet-container"
            >
              <span
                className="button-worksheet-wrapper"
              >
                <span
                  className="button-worksheet"
                >
                  <span
                    className="button-worksheet-inner"
                  >
                    <img
                      alt="Worksheet icon"
                      className="icon icon-worksheet"
                      src="image-mock"
                    />
                    <span
                      className="text-worksheet"
                    >
                      Worksheet
                    </span>
                  </span>
                </span>
              </span>
            </div>
          </Link>
        </td>
      </tr>
    </tbody>
  </table>
</main>
`;
